// Jest Snapshot v1, https://goo.gl/fbAQLP

exports[`Video render null if an id is not given to the Video component 1`] = `""`;

exports[`Video renders Video component correctly with an id 1`] = `
<div
  className="video-container"
>
  <div
    className="video"
  >
    <iframe
      allow="autoplay; encrypted-media"
      allowFullScreen={true}
      className="video-player"
      frameBorder="0"
      src="https://www.youtube.com/embed/testing"
      title="video"
    />
  </div>
</div>
`;
